// Jest Snapshot v1, https://goo.gl/fbAQLP

exports[`SendButton should render correctly 1`] = `
<View
  accessible={true}
  collapsable={false}
  focusable={false}
  nativeID="animatedComponent"
  onClick={[Function]}
  onResponderGrant={[Function]}
  onResponderMove={[Function]}
  onResponderRelease={[Function]}
  onResponderTerminate={[Function]}
  onResponderTerminationRequest={[Function]}
  onStartShouldSetResponder={[Function]}
  style={
    Object {
      "alignItems": "center",
      "height": 48,
      "justifyContent": "center",
      "opacity": 1,
      "padding": 10,
      "width": 48,
    }
  }
>
  <Image
    source={
      Object {
        "testUri": "../../../src/assets/images/send/send.png",
      }
    }
  />
</View>
`;
