// Jest Snapshot v1, https://goo.gl/fbAQLP

exports[`ChannelList should render correctly 1`] = `
<RCTSafeAreaView
  emulateUnlessSupported={true}
  style={
    Object {
      "flex": 1,
    }
  }
>
  <RCTScrollView
    ListEmptyComponent={<ListEmptyComponent />}
    data={Array []}
    getItem={[Function]}
    getItemCount={[Function]}
    keyExtractor={[Function]}
    onContentSizeChange={[Function]}
    onLayout={[Function]}
    onMomentumScrollBegin={[Function]}
    onMomentumScrollEnd={[Function]}
    onScroll={[Function]}
    onScrollBeginDrag={[Function]}
    onScrollEndDrag={[Function]}
    removeClippedSubviews={false}
    renderItem={[Function]}
    scrollEventThrottle={50}
    showsVerticalScrollIndicator={false}
    stickyHeaderIndices={Array []}
    style={
      Object {
        "margin": 16,
      }
    }
    viewabilityConfigCallbackPairs={Array []}
  >
    <View>
      <Text>
        Empty List
      </Text>
    </View>
  </RCTScrollView>
</RCTSafeAreaView>
`;
